<html>
<body>
<pre>
<h1>µVision Build Log</h1>
<h2>Tool Versions:</h2>
IDE-Version: ¦ÌVision V5.35.0.0
Copyright (C) 2021 ARM Ltd and ARM Germany GmbH. All rights reserved.
License Information: 1 Administrator, 1, LIC=IK1BF-6NJSM-JJG6S-LFSW0-8WHZK-F52BV
 
Tool Versions:
Toolchain:       MDK-ARM Plus  Version: 5.35.0.2
Toolchain Path:  D:\keil5\ARM\ARMCC\Bin
C Compiler:      Armcc.exe V5.06 update 7 (build 960)
Assembler:       Armasm.exe V5.06 update 7 (build 960)
Linker/Locator:  ArmLink.exe V5.06 update 7 (build 960)
Library Manager: ArmAr.exe V5.06 update 7 (build 960)
Hex Converter:   FromElf.exe V5.06 update 7 (build 960)
CPU DLL:         SARMCM3.DLL V5.35.0.2
Dialog DLL:      DCM.DLL V1.17.3.0
Target DLL:      STLink\ST-LINKIII-KEIL_SWO.dll V3.0.9.0
Dialog DLL:      TCM.DLL V1.53.0.0
 
<h2>Project:</h2>
D:\STM32\project\±ê×¼¿â\Esp8266ToCloud\USER\Esp8266ToCloud.uvprojx
Project File Date:  03/06/2022

<h2>Output:</h2>
*** Using Compiler 'V5.06 update 7 (build 960)', folder: 'D:\keil5\ARM\ARMCC\Bin'
Build target 'Esp8266ToCloud'
compiling Esp8266.c...
..\ESP8266\Esp8266.c(25): warning:  #177-D: function "ESP8266_Test"  was declared but never referenced
  static bool ESP8266_Test(void)
..\ESP8266\Esp8266.c(247): warning:  #177-D: function "ESP8266_Rst"  was declared but never referenced
  static void ESP8266_Rst()
..\ESP8266\Esp8266.c: 2 warnings, 0 errors
linking...
Program Size: Code=5860 RO-data=268 RW-data=68 ZI-data=1132  
FromELF: creating hex file...
"..\OBJ\ESP8266_Cloud.axf" - 0 Error(s), 2 Warning(s).

<h2>Software Packages used:</h2>

Package Vendor: Keil
                http://www.keil.com/pack/Keil.STM32F1xx_DFP.2.3.0.pack
                Keil.STM32F1xx_DFP.2.3.0
                STMicroelectronics STM32F1 Series Device Support, Drivers and Examples

<h2>Collection of Component include folders:</h2>
  D:\keil5\ARM\PACK\Keil\STM32F1xx_DFP\2.3.0\Device\Include

<h2>Collection of Component Files used:</h2>
Build Time Elapsed:  00:00:02
</pre>
</body>
</html>
